usage: frilanser [-h] [--config CONFIG]
                 {run,scan,screen,propose,demo,report,list,show,needs,decide,paths,serve}
                 ...

فریلنس‌یار آرنا — پیدا کردن و غربال کردن پروژه‌های فریلنسری ایرانی

positional arguments:
  {run,scan,screen,propose,demo,report,list,show,needs,decide,paths,serve}
    run                 اجرای کامل خط لوله
    scan                جمع‌آوری آگهی‌ها
    screen              غربالگری پروژه‌ها
    propose             قیمت‌گذاری
    demo                ساخت دمو
    report              ساخت گزارش و صف نیاز به ورود شما
    list                فهرست پروژه‌ها
    show                نمایش جزئیات یک پروژه
    needs               کارهایی که باید خودتان انجام دهید
    decide              ثبت تصمیم شما
    paths               نمایش مسیرهای مورد استفاده (عیب‌یابی)
    serve               اجرای داشبورد وب

options:
  -h, --help            show this help message and exit
  --config CONFIG       مسیر فایل تنظیمات (پیش‌فرض config.toml)
help_exit=0
