— جمع‌آوری آگهی‌ها…
  · پونیشا (اسنپ‌شات ponisha-2026-09-28.json): 9 آگهی
  · پونیشا (اسنپ‌شات ponisha-2026-09-28.md): 3 آگهی
  · کارلنسر (اسنپ‌شات karlancer-2026-09-28.json): 5 آگهی
  · کارلنسر (اسنپ‌شات karlancer-2026-09-28.md): 3 آگهی
  · کارلنسر (اسنپ‌شات karlancer_programming-2026-09-28.json): 13 آگهی
  · کارلنسر (اسنپ‌شات karlancer_web_design-2026-09-28.json): 2 آگهی
  · پارس‌کدرز (اسنپ‌شات parscoders-2026-09-28.json): 11 آگهی
  · پارس‌کدرز (اسنپ‌شات parscoders-2026-09-28.md): 4 آگهی
  · 1 آگهی بسته‌شده/در حال انجام حذف شد
  49 آگهی (40 جدید)
— غربالگری (آیا در آرنا قابل اجراست؟)…
  کاندیدا: 10 | بررسی: 7 | رد: 23
— ساخت دمو برای بهترین گزینه‌ها…
  ✓ دمو ساخته شد: استخراج ساختاریافته محتوای حدود ۱۵۰ کتاب → D:\a\_temp\exetest\outbox\demos\ponisha-760397-استخراج-ساختاریافته-محتوای-حدود-۱۵۰-کتاب\index.html
— قیمت‌گذاری…
— گزارش و اعلان‌ها…

======================================================================
گزارش: D:\a\_temp\exetest\outbox\reports\2026-09-28.md
کارهایی که باید خودتان انجام دهید: 22 مورد
  • [ثبت پیشنهاد در سایت] طراحی و پیاده سازی وب سایت کلینیک تخصصی درمانی
  • [ثبت پیشنهاد در سایت] استخراج ساختاریافته محتوای حدود ۱۵۰ کتاب
  • [ثبت پیشنهاد در سایت] افزودن زبان انگلیسی به سایت فروشگاهی موجود
  • [ثبت پیشنهاد در سایت] یکپارچه سازی Odoo
  • [ثبت پیشنهاد در سایت] قرار دادن محصول در سایت (دیتا اینتری) به کمک هوش مصنوعی
  • [ثبت پیشنهاد در سایت] طراحی وبسایت شرکت تجهیزات پزشکی
  • [ثبت پیشنهاد در سایت] تکمیل و آماده سازی یک وب اپلیکیشن پژوهشی برای نسخه بتا
  • [ثبت پیشنهاد در سایت] ارتقای سایت وردپرس شرکت تولیدی لیفتراک
  • [ثبت پیشنهاد در سایت] اسکریپت و یا افزونه رهگیری سفارش برای سایت وردپرسی
  • [گرفتن دسترسی / اطلاعات از کارفرما] افزودن زبان انگلیسی به سایت فروشگاهی موجود
run_exit=0
