.:
config.toml
data
outbox

./data:
activity.json
cache
needs_you.json
projects.json
raw

./data/cache:

./data/raw:
karlancer-2026-09-28.json
karlancer-2026-09-28.md
karlancer_programming-2026-09-28.json
karlancer_web_design-2026-09-28.json
parscoders-2026-09-28.json
parscoders-2026-09-28.md
ponisha-2026-09-28.json
ponisha-2026-09-28.md

./outbox:
demos
reports

./outbox/demos:
ponisha-760397-استخراج-ساختاریافته-محتوای-حدود-۱۵۰-کتاب

./outbox/demos/ponisha-760397-استخراج-ساختاریافته-محتوای-حدود-۱۵۰-کتاب:
index.html
meta.json

./outbox/reports:
2026-09-28.md
latest.md
